d:\project\휴온스바이오파마\참고\시뮬레이터\bin\debug\dcilib\dcilib.pch
d:\project\휴온스바이오파마\참고\시뮬레이터\bin\debug\dcilib\vc142.pdb
d:\project\휴온스바이오파마\참고\시뮬레이터\bin\debug\dcilib\vc142.idb
d:\project\휴온스바이오파마\참고\시뮬레이터\bin\debug\dcilib\stdafx.obj
d:\project\휴온스바이오파마\참고\시뮬레이터\bin\debug\dcilib\dcitrackctrl.obj
d:\project\휴온스바이오파마\참고\시뮬레이터\bin\debug\dcilib\dcistatusctrl.obj
d:\project\휴온스바이오파마\참고\시뮬레이터\bin\debug\dcilib\dcistatisticctrl.obj
d:\project\휴온스바이오파마\참고\시뮬레이터\bin\debug\dcilib\dcistaticctrl.obj
d:\project\휴온스바이오파마\참고\시뮬레이터\bin\debug\dcilib\dcirvctrl.obj
d:\project\휴온스바이오파마\참고\시뮬레이터\bin\debug\dcilib\dcirackctrl.obj
d:\project\휴온스바이오파마\참고\시뮬레이터\bin\debug\dcilib\dciproperty.obj
d:\project\휴온스바이오파마\참고\시뮬레이터\bin\debug\dcilib\dciopboxctrl.obj
d:\project\휴온스바이오파마\참고\시뮬레이터\bin\debug\dcilib\dcimaster.obj
d:\project\휴온스바이오파마\참고\시뮬레이터\bin\debug\dcilib\dcilib.obj
d:\project\휴온스바이오파마\참고\시뮬레이터\bin\debug\dcilib\dcigridctrl.obj
d:\project\휴온스바이오파마\참고\시뮬레이터\bin\debug\dcilib\dcicontrol.obj
d:\project\휴온스바이오파마\참고\시뮬레이터\bin\debug\dcilib\dcibuttonctrl.obj
d:\project\휴온스바이오파마\참고\시뮬레이터\bin\debug\dcilib\controlgroup.obj
d:\project\휴온스바이오파마\참고\시뮬레이터\bin\debug\dcilib\dllmain.obj
d:\project\휴온스바이오파마\참고\시뮬레이터\lib\dcilib\x64\debug\dcilib.res
d:\project\휴온스바이오파마\참고\시뮬레이터\lib\dcilib\x64\debug\dcilib.tlog\cl.command.1.tlog
d:\project\휴온스바이오파마\참고\시뮬레이터\lib\dcilib\x64\debug\dcilib.tlog\cl.read.1.tlog
d:\project\휴온스바이오파마\참고\시뮬레이터\lib\dcilib\x64\debug\dcilib.tlog\cl.write.1.tlog
d:\project\휴온스바이오파마\참고\시뮬레이터\lib\dcilib\x64\debug\dcilib.tlog\link.command.1.tlog
d:\project\휴온스바이오파마\참고\시뮬레이터\lib\dcilib\x64\debug\dcilib.tlog\link.read.1.tlog
d:\project\휴온스바이오파마\참고\시뮬레이터\lib\dcilib\x64\debug\dcilib.tlog\link.write.1.tlog
d:\project\휴온스바이오파마\참고\시뮬레이터\lib\dcilib\x64\debug\dcilib.tlog\rc.command.1.tlog
d:\project\휴온스바이오파마\참고\시뮬레이터\lib\dcilib\x64\debug\dcilib.tlog\rc.read.1.tlog
d:\project\휴온스바이오파마\참고\시뮬레이터\lib\dcilib\x64\debug\dcilib.tlog\rc.write.1.tlog
