빌드 시작: 2018-05-04 오후 2:56:05
     1>2 노드의 "F:\project\SKI\45라인\Ecs_vs2010\BuilderLib\BuilderLib.vcxproj" 프로젝트(rebuild 대상)입니다.
     1>InitializeBuildStatus:
         "x64\Debug\BuilderLib.unsuccessfulbuild"에 연결(touching)하고 있습니다.
       ClCompile:
         c:\Program Files (x86)\Microsoft Visual Studio 10.0\VC\bin\x86_amd64\CL.exe /c /Zi /nologo /W1 /WX- /O2 /D _AFXDLL /Gm- /EHsc /MDd /GS /fp:precise /Zc:wchar_t /Zc:forScope /Fo"x64\Debug\\" /Fd"x64\Debug\vc100.pdb" /Gd /TP /errorReport:prompt BuilderLib.cpp BuildManager.cpp ControlManagerDlg.cpp PropertyManagerDlg.cpp StdAfx.cpp font.cpp picture.cpp spreadsheet.cpp
         BuilderLib.cpp
         _WIN32_WINNT not defined. Defaulting to _WIN32_WINNT_MAXVER (see WinSDKVer.h)
     1>f:\project\ski\45라인\ecs_vs2010\builderlib\stdafx.h(38): fatal error C1083: 포함 파일을 열 수 없습니다. 'Convert.h': No such file or directory
         BuildManager.cpp
         _WIN32_WINNT not defined. Defaulting to _WIN32_WINNT_MAXVER (see WinSDKVer.h)
     1>f:\project\ski\45라인\ecs_vs2010\builderlib\stdafx.h(38): fatal error C1083: 포함 파일을 열 수 없습니다. 'Convert.h': No such file or directory
         ControlManagerDlg.cpp
         _WIN32_WINNT not defined. Defaulting to _WIN32_WINNT_MAXVER (see WinSDKVer.h)
     1>f:\project\ski\45라인\ecs_vs2010\builderlib\stdafx.h(38): fatal error C1083: 포함 파일을 열 수 없습니다. 'Convert.h': No such file or directory
         PropertyManagerDlg.cpp
         _WIN32_WINNT not defined. Defaulting to _WIN32_WINNT_MAXVER (see WinSDKVer.h)
     1>f:\project\ski\45라인\ecs_vs2010\builderlib\stdafx.h(38): fatal error C1083: 포함 파일을 열 수 없습니다. 'Convert.h': No such file or directory
         StdAfx.cpp
         _WIN32_WINNT not defined. Defaulting to _WIN32_WINNT_MAXVER (see WinSDKVer.h)
     1>f:\project\ski\45라인\ecs_vs2010\builderlib\stdafx.h(38): fatal error C1083: 포함 파일을 열 수 없습니다. 'Convert.h': No such file or directory
         font.cpp
         _WIN32_WINNT not defined. Defaulting to _WIN32_WINNT_MAXVER (see WinSDKVer.h)
     1>f:\project\ski\45라인\ecs_vs2010\builderlib\stdafx.h(38): fatal error C1083: 포함 파일을 열 수 없습니다. 'Convert.h': No such file or directory
         picture.cpp
         _WIN32_WINNT not defined. Defaulting to _WIN32_WINNT_MAXVER (see WinSDKVer.h)
     1>f:\project\ski\45라인\ecs_vs2010\builderlib\stdafx.h(38): fatal error C1083: 포함 파일을 열 수 없습니다. 'Convert.h': No such file or directory
         spreadsheet.cpp
         _WIN32_WINNT not defined. Defaulting to _WIN32_WINNT_MAXVER (see WinSDKVer.h)
     1>f:\project\ski\45라인\ecs_vs2010\builderlib\stdafx.h(38): fatal error C1083: 포함 파일을 열 수 없습니다. 'Convert.h': No such file or directory
         Generating Code...
     1>"F:\project\SKI\45라인\Ecs_vs2010\BuilderLib\BuilderLib.vcxproj" 프로젝트를 빌드했습니다(rebuild 대상). - 실패

빌드하지 못했습니다.

경과 시간: 00:00:09.99
