2026-09-07 06:35:34  PLC01  TRACK 101  D357  bit0  option=1  0000 -> 0001
2026-09-07 06:35:34  PLC01  TRACK 105  D357  bit1  option=1  0001 -> 0003
2026-09-07 06:35:34  PLC01  TRACK 109  D357  bit2  option=1  0003 -> 0007
2026-09-07 06:35:34  PLC01  TRACK 113  D357  bit3  option=1  0007 -> 000F
2026-09-07 06:35:34  PLC01  TRACK 117  D357  bit4  option=1  000F -> 001F
2026-09-07 06:35:34  PLC01  TRACK 124  D357  bit5  option=1  001F -> 003F
2026-09-07 06:35:34  PLC01  TRACK 130  D357  bit6  option=1  003F -> 007F
2026-09-07 06:35:34  PLC01  TRACK 134  D357  bit7  option=1  007F -> 00FF
2026-09-07 06:35:34  PLC01  TRACK 138  D357  bit8  option=1  00FF -> 01FF
2026-09-07 06:35:34  PLC01  TRACK 142  D357  bit9  option=1  01FF -> 03FF
2026-09-07 06:35:34  PLC01  TRACK 146  D357  bit10  option=1  03FF -> 07FF
2026-09-07 06:35:34  PLC01  TRACK 150  D357  bit11  option=1  07FF -> 0FFF
2026-09-07 06:35:34  PLC01  TRACK 154  D357  bit12  option=1  0FFF -> 1FFF
2026-09-07 06:35:34  PLC01  TRACK 158  D357  bit13  option=1  1FFF -> 3FFF
2026-09-07 06:35:34  PLC02  TRACK 201  D557  bit0  option=1  0000 -> 0001
2026-09-07 06:35:34  PLC02  TRACK 207  D557  bit1  option=1  0001 -> 0003
2026-09-07 06:35:34  PLC02  TRACK 213  D557  bit2  option=1  0003 -> 0007
2026-09-07 06:35:34  PLC02  TRACK 220  D557  bit3  option=1  0007 -> 000F
2026-09-07 06:35:34  PLC02  TRACK 230  D557  bit4  option=1  000F -> 001F
2026-09-07 06:35:34  PLC02  TRACK 236  D557  bit5  option=1  001F -> 003F
2026-09-07 06:35:34  PLC02  TRACK 248  D557  bit6  option=1  003F -> 007F
2026-09-07 06:35:34  PLC03  TRACK 301  D557  bit0  option=1  0000 -> 0001
2026-09-07 06:35:34  PLC03  TRACK 306  D557  bit1  option=1  0001 -> 0003
2026-09-07 06:35:34  PLC03  TRACK 312  D557  bit2  option=1  0003 -> 0007
2026-09-07 06:35:34  PLC03  TRACK 319  D557  bit3  option=1  0007 -> 000F
2026-09-07 06:35:34  PLC03  TRACK 327  D557  bit4  option=1  000F -> 001F
2026-09-07 06:35:34  PLC03  TRACK 334  D557  bit5  option=1  001F -> 003F
2026-09-07 06:35:34  PLC03  TRACK 341  D557  bit6  option=1  003F -> 007F
2026-09-07 06:35:34  PLC04  TRACK 401  D257  bit0  option=1  0000 -> 0001
2026-09-07 06:35:34  PLC04  TRACK 404  D257  bit1  option=1  0001 -> 0003
2026-09-07 06:35:34  PLC04  TRACK 407  D257  bit2  option=1  0003 -> 0007
2026-09-07 06:35:34  PLC04  TRACK 410  D257  bit3  option=1  0007 -> 000F
2026-09-07 06:35:34  PLC04  TRACK 421  D257  bit4  option=1  000F -> 001F
2026-09-07 06:35:34  PLC04  TRACK 426  D257  bit5  option=1  001F -> 003F
2026-09-07 06:35:34  PLC04  TRACK 435  D257  bit6  option=1  003F -> 007F
2026-09-07 06:35:34  PLC04  TRACK 439  D257  bit7  option=1  007F -> 00FF
2026-09-07 06:35:34  PLC05  TRACK 501  D557  bit0  option=1  0000 -> 0001
2026-09-07 06:35:34  PLC05  TRACK 513  D557  bit1  option=1  0001 -> 0003
2026-09-07 06:35:34  PLC06  TRACK 601  D557  bit0  option=1  0000 -> 0001
2026-09-07 06:35:34  PLC06  TRACK 613  D557  bit1  option=1  0001 -> 0003
2026-09-07 06:35:34  PLC07  TRACK 701  D557  bit0  option=1  0000 -> 0001
2026-09-07 06:35:34  PLC07  TRACK 708  D557  bit1  option=1  0001 -> 0003
2026-09-07 06:35:34  PLC07  TRACK 721  D557  bit2  option=1  0003 -> 0007
2026-09-07 06:35:34  PLC07  TRACK 726  D557  bit3  option=1  0007 -> 000F
2026-09-07 06:35:34  PLC07  TRACK 735  D557  bit4  option=1  000F -> 001F
2026-09-07 06:35:34  PLC08  TRACK 801  D207  bit0  option=1  0000 -> 0001
2026-09-07 13:50:04  PLC01  TRACK 101  D357  bit0  option=1  0000 -> 0001
2026-09-07 13:50:04  PLC01  TRACK 105  D357  bit1  option=1  0001 -> 0003
2026-09-07 13:50:04  PLC01  TRACK 109  D357  bit2  option=1  0003 -> 0007
2026-09-07 13:50:04  PLC01  TRACK 113  D357  bit3  option=1  0007 -> 000F
2026-09-07 13:50:04  PLC01  TRACK 117  D357  bit4  option=1  000F -> 001F
2026-09-07 13:50:04  PLC01  TRACK 124  D357  bit5  option=1  001F -> 003F
2026-09-07 13:50:04  PLC01  TRACK 130  D357  bit6  option=1  003F -> 007F
2026-09-07 13:50:04  PLC01  TRACK 134  D357  bit7  option=1  007F -> 00FF
2026-09-07 13:50:04  PLC01  TRACK 138  D357  bit8  option=1  00FF -> 01FF
2026-09-07 13:50:04  PLC01  TRACK 142  D357  bit9  option=1  01FF -> 03FF
2026-09-07 13:50:04  PLC01  TRACK 146  D357  bit10  option=1  03FF -> 07FF
2026-09-07 13:50:04  PLC01  TRACK 150  D357  bit11  option=1  07FF -> 0FFF
2026-09-07 13:50:04  PLC01  TRACK 154  D357  bit12  option=1  0FFF -> 1FFF
2026-09-07 13:50:04  PLC01  TRACK 158  D357  bit13  option=1  1FFF -> 3FFF
2026-09-07 13:50:04  PLC02  TRACK 201  D557  bit0  option=1  0000 -> 0001
2026-09-07 13:50:04  PLC02  TRACK 207  D557  bit1  option=1  0001 -> 0003
2026-09-07 13:50:04  PLC02  TRACK 213  D557  bit2  option=1  0003 -> 0007
2026-09-07 13:50:04  PLC02  TRACK 220  D557  bit3  option=1  0007 -> 000F
2026-09-07 13:50:04  PLC02  TRACK 230  D557  bit4  option=1  000F -> 001F
2026-09-07 13:50:04  PLC02  TRACK 236  D557  bit5  option=1  001F -> 003F
2026-09-07 13:50:04  PLC02  TRACK 248  D557  bit6  option=1  003F -> 007F
2026-09-07 13:50:04  PLC03  TRACK 301  D557  bit0  option=1  0000 -> 0001
2026-09-07 13:50:04  PLC03  TRACK 306  D557  bit1  option=1  0001 -> 0003
2026-09-07 13:50:04  PLC03  TRACK 312  D557  bit2  option=1  0003 -> 0007
2026-09-07 13:50:04  PLC03  TRACK 319  D557  bit3  option=1  0007 -> 000F
2026-09-07 13:50:04  PLC03  TRACK 327  D557  bit4  option=1  000F -> 001F
2026-09-07 13:50:04  PLC03  TRACK 334  D557  bit5  option=1  001F -> 003F
2026-09-07 13:50:04  PLC03  TRACK 341  D557  bit6  option=1  003F -> 007F
2026-09-07 13:50:04  PLC04  TRACK 401  D257  bit0  option=1  0000 -> 0001
2026-09-07 13:50:04  PLC04  TRACK 404  D257  bit1  option=1  0001 -> 0003
2026-09-07 13:50:04  PLC04  TRACK 407  D257  bit2  option=1  0003 -> 0007
2026-09-07 13:50:04  PLC04  TRACK 410  D257  bit3  option=1  0007 -> 000F
2026-09-07 13:50:04  PLC04  TRACK 421  D257  bit4  option=1  000F -> 001F
2026-09-07 13:50:04  PLC04  TRACK 426  D257  bit5  option=1  001F -> 003F
2026-09-07 13:50:04  PLC04  TRACK 435  D257  bit6  option=1  003F -> 007F
2026-09-07 13:50:04  PLC04  TRACK 439  D257  bit7  option=1  007F -> 00FF
2026-09-07 13:50:04  PLC05  TRACK 501  D557  bit0  option=1  0000 -> 0001
2026-09-07 13:50:04  PLC05  TRACK 513  D557  bit1  option=1  0001 -> 0003
2026-09-07 13:50:04  PLC06  TRACK 601  D557  bit0  option=1  0000 -> 0001
2026-09-07 13:50:04  PLC06  TRACK 613  D557  bit1  option=1  0001 -> 0003
2026-09-07 13:50:04  PLC07  TRACK 701  D557  bit0  option=1  0000 -> 0001
2026-09-07 13:50:04  PLC07  TRACK 708  D557  bit1  option=1  0001 -> 0003
2026-09-07 13:50:04  PLC07  TRACK 721  D557  bit2  option=1  0003 -> 0007
2026-09-07 13:50:04  PLC07  TRACK 726  D557  bit3  option=1  0007 -> 000F
2026-09-07 13:50:04  PLC07  TRACK 735  D557  bit4  option=1  000F -> 001F
2026-09-07 13:50:04  PLC08  TRACK 801  D207  bit0  option=1  0000 -> 0001
2026-09-07 20:29:34  PLC01  TRACK 101  D357  bit0  option=1  0000 -> 0001
2026-09-07 20:29:34  PLC01  TRACK 105  D357  bit1  option=1  0001 -> 0003
2026-09-07 20:29:34  PLC01  TRACK 109  D357  bit2  option=1  0003 -> 0007
2026-09-07 20:29:34  PLC01  TRACK 113  D357  bit3  option=1  0007 -> 000F
2026-09-07 20:29:34  PLC01  TRACK 117  D357  bit4  option=1  000F -> 001F
2026-09-07 20:29:34  PLC01  TRACK 124  D357  bit5  option=1  001F -> 003F
2026-09-07 20:29:34  PLC01  TRACK 130  D357  bit6  option=1  003F -> 007F
2026-09-07 20:29:34  PLC01  TRACK 134  D357  bit7  option=1  007F -> 00FF
2026-09-07 20:29:34  PLC01  TRACK 138  D357  bit8  option=1  00FF -> 01FF
2026-09-07 20:29:34  PLC01  TRACK 142  D357  bit9  option=1  01FF -> 03FF
2026-09-07 20:29:34  PLC01  TRACK 146  D357  bit10  option=1  03FF -> 07FF
2026-09-07 20:29:34  PLC01  TRACK 150  D357  bit11  option=1  07FF -> 0FFF
2026-09-07 20:29:34  PLC01  TRACK 154  D357  bit12  option=1  0FFF -> 1FFF
2026-09-07 20:29:34  PLC01  TRACK 158  D357  bit13  option=1  1FFF -> 3FFF
2026-09-07 20:29:34  PLC02  TRACK 201  D557  bit0  option=1  0000 -> 0001
2026-09-07 20:29:34  PLC02  TRACK 207  D557  bit1  option=1  0001 -> 0003
2026-09-07 20:29:34  PLC02  TRACK 213  D557  bit2  option=1  0003 -> 0007
2026-09-07 20:29:34  PLC02  TRACK 220  D557  bit3  option=1  0007 -> 000F
2026-09-07 20:29:34  PLC02  TRACK 230  D557  bit4  option=1  000F -> 001F
2026-09-07 20:29:34  PLC02  TRACK 236  D557  bit5  option=1  001F -> 003F
2026-09-07 20:29:34  PLC02  TRACK 248  D557  bit6  option=1  003F -> 007F
2026-09-07 20:29:34  PLC03  TRACK 301  D557  bit0  option=1  0000 -> 0001
2026-09-07 20:29:34  PLC03  TRACK 306  D557  bit1  option=1  0001 -> 0003
2026-09-07 20:29:34  PLC03  TRACK 312  D557  bit2  option=1  0003 -> 0007
2026-09-07 20:29:34  PLC03  TRACK 319  D557  bit3  option=1  0007 -> 000F
2026-09-07 20:29:34  PLC03  TRACK 327  D557  bit4  option=1  000F -> 001F
2026-09-07 20:29:34  PLC03  TRACK 334  D557  bit5  option=1  001F -> 003F
2026-09-07 20:29:34  PLC03  TRACK 341  D557  bit6  option=1  003F -> 007F
2026-09-07 20:29:34  PLC04  TRACK 401  D257  bit0  option=1  0000 -> 0001
2026-09-07 20:29:34  PLC04  TRACK 404  D257  bit1  option=1  0001 -> 0003
2026-09-07 20:29:34  PLC04  TRACK 407  D257  bit2  option=1  0003 -> 0007
2026-09-07 20:29:34  PLC04  TRACK 410  D257  bit3  option=1  0007 -> 000F
2026-09-07 20:29:34  PLC04  TRACK 421  D257  bit4  option=1  000F -> 001F
2026-09-07 20:29:34  PLC04  TRACK 426  D257  bit5  option=1  001F -> 003F
2026-09-07 20:29:34  PLC04  TRACK 435  D257  bit6  option=1  003F -> 007F
2026-09-07 20:29:34  PLC04  TRACK 439  D257  bit7  option=1  007F -> 00FF
2026-09-07 20:29:34  PLC05  TRACK 501  D557  bit0  option=1  0000 -> 0001
2026-09-07 20:29:34  PLC05  TRACK 513  D557  bit1  option=1  0001 -> 0003
2026-09-07 20:29:34  PLC06  TRACK 601  D557  bit0  option=1  0000 -> 0001
2026-09-07 20:29:34  PLC06  TRACK 613  D557  bit1  option=1  0001 -> 0003
2026-09-07 20:29:34  PLC07  TRACK 701  D557  bit0  option=1  0000 -> 0001
2026-09-07 20:29:34  PLC07  TRACK 708  D557  bit1  option=1  0001 -> 0003
2026-09-07 20:29:34  PLC07  TRACK 721  D557  bit2  option=1  0003 -> 0007
2026-09-07 20:29:34  PLC07  TRACK 726  D557  bit3  option=1  0007 -> 000F
2026-09-07 20:29:34  PLC07  TRACK 735  D557  bit4  option=1  000F -> 001F
2026-09-07 20:29:34  PLC08  TRACK 801  D207  bit0  option=1  0000 -> 0001
